// Vitest Snapshot v1, https://vitest.dev/guide/snapshot.html

exports[`update > matches the golden snapshot in both scale modes 1`] = `
{
  "explore ceres": {
    "helioKm": [
      -23264500,
      -423809000,
      -9132120,
    ],
    "orientationZ": [
      0.144066,
      0.0285447,
      0.989156,
    ],
    "scene": [
      -15328.3,
      -279236,
      -6016.89,
    ],
    "sceneRadius": 2.8182,
  },
  "explore earth": {
    "helioKm": [
      -141604000,
      -48946700,
      2670.78,
    ],
    "orientationZ": [
      0.0023593,
      0.39777,
      0.917482,
    ],
    "scene": [
      -141518,
      -48917,
      2.66916,
    ],
    "sceneRadius": 38.2688,
  },
  "explore jupiter": {
    "helioKm": [
      436372000,
      608144000,
      -12293900,
    ],
    "orientationZ": [
      -0.0146137,
      -0.0358027,
      0.999252,
    ],
    "scene": [
      229153,
      319356,
      -6455.95,
    ],
    "sceneRadius": 428.952,
  },
  "explore lagrange:earth:L2": {
    "helioKm": [
      -143025000,
      -49438000,
      2697.59,
    ],
    "orientationZ": [
      0,
      0,
      1,
    ],
    "scene": [
      -142369,
      -49211,
      2.6852,
    ],
    "sceneRadius": 448.968,
  },
  "explore lagrange:jupiter:L4": {
    "helioKm": [
      -308390000,
      682122000,
      4065400,
    ],
    "orientationZ": [
      0,
      0,
      1,
    ],
    "scene": [
      -161946,
      358204,
      2134.87,
    ],
    "sceneRadius": 15936.2,
  },
  "explore mercury": {
    "helioKm": [
      -59096000,
      -11412000,
      4487860,
    ],
    "orientationZ": [
      0.091316,
      -0.0816322,
      0.99247,
    ],
    "scene": [
      -84965.7,
      -16407.6,
      6452.45,
    ],
    "sceneRadius": 14.6382,
  },
  "explore moon:Charon": {
    "helioKm": [
      2614870000,
      -4526290000,
      -272038000,
    ],
    "orientationZ": [
      -0.677968,
      0.624498,
      -0.387766,
    ],
    "scene": [
      630801,
      -1091860,
      -65672.7,
    ],
    "sceneRadius": 3.636,
  },
  "explore moon:Io": {
    "helioKm": [
      436784000,
      608047000,
      -12291500,
    ],
    "orientationZ": [
      -0.0142737,
      -0.0357414,
      0.999259,
    ],
    "scene": [
      231062,
      318907,
      -6444.77,
    ],
    "sceneRadius": 10.9289,
  },
  "explore moon:Moon": {
    "helioKm": [
      -141264000,
      -48829400,
      4843.61,
    ],
    "orientationZ": [
      0.0243241,
      -0.0889896,
      0.995735,
    ],
    "scene": [
      -140849,
      -48686.3,
      6.9444,
    ],
    "sceneRadius": 10.4244,
  },
  "explore moon:Titan": {
    "helioKm": [
      1370030000,
      -477909000,
      -45692400,
    ],
    "orientationZ": [
      0.0830093,
      0.457101,
      0.885533,
    ],
    "scene": [
      552324,
      -195254,
      -17055.8,
    ],
    "sceneRadius": 15.4486,
  },
  "explore moon:Titania": {
    "helioKm": [
      1787760000,
      2321830000,
      -14585200,
    ],
    "orientationZ": [
      -0.211393,
      -0.967893,
      0.135997,
    ],
    "scene": [
      542681,
      706599,
      -4516,
    ],
    "sceneRadius": 4.7334,
  },
  "explore neptune": {
    "helioKm": [
      4465610000,
      -221676000,
      -98343500,
    ],
    "orientationZ": [
      0.355883,
      -0.30681,
      0.882731,
    ],
    "scene": [
      1147210,
      -56948.2,
      -25264.3,
    ],
    "sceneRadius": 148.584,
  },
  "explore pluto": {
    "helioKm": [
      2614860000,
      -4526290000,
      -272020000,
    ],
    "orientationZ": [
      -0.677968,
      0.624498,
      -0.387766,
    ],
    "scene": [
      630772,
      -1091860,
      -65618.4,
    ],
    "sceneRadius": 7.1298,
  },
  "explore saturn": {
    "helioKm": [
      1369930000,
      -476852000,
      -46228500,
    ],
    "orientationZ": [
      0.0855028,
      0.462439,
      0.882519,
    ],
    "scene": [
      552037,
      -192155,
      -18628.5,
    ],
    "sceneRadius": 361.608,
  },
  "explore sb:Sedna": {
    "helioKm": [
      6128430000,
      10574100000,
      -2569700000,
    ],
    "orientationZ": [
      6.12323e-17,
      0.397777,
      0.917482,
    ],
    "scene": [
      1044020,
      1801380,
      -437766,
    ],
    "sceneRadius": 5.7684,
  },
  "true ceres": {
    "helioKm": [
      -23264500,
      -423809000,
      -9132120,
    ],
    "orientationZ": [
      0.144066,
      0.0285447,
      0.989156,
    ],
    "scene": [
      -23264.5,
      -423809,
      -9132.12,
    ],
    "sceneRadius": 0.4697,
  },
  "true earth": {
    "helioKm": [
      -141604000,
      -48946700,
      2670.78,
    ],
    "orientationZ": [
      0.0023593,
      0.39777,
      0.917482,
    ],
    "scene": [
      -141604,
      -48946.7,
      2.67078,
    ],
    "sceneRadius": 6.37814,
  },
  "true jupiter": {
    "helioKm": [
      436372000,
      608144000,
      -12293900,
    ],
    "orientationZ": [
      -0.0146137,
      -0.0358027,
      0.999252,
    ],
    "scene": [
      436372,
      608144,
      -12293.9,
    ],
    "sceneRadius": 71.492,
  },
  "true lagrange:earth:L2": {
    "helioKm": [
      -143025000,
      -49438000,
      2697.59,
    ],
    "orientationZ": [
      0,
      0,
      1,
    ],
    "scene": [
      -143025,
      -49438,
      2.69759,
    ],
    "sceneRadius": 74.828,
  },
  "true lagrange:jupiter:L4": {
    "helioKm": [
      -308390000,
      682122000,
      4065400,
    ],
    "orientationZ": [
      0,
      0,
      1,
    ],
    "scene": [
      -308390,
      682122,
      4065.4,
    ],
    "sceneRadius": 2656.04,
  },
  "true mercury": {
    "helioKm": [
      -59096000,
      -11412000,
      4487860,
    ],
    "orientationZ": [
      0.091316,
      -0.0816322,
      0.99247,
    ],
    "scene": [
      -59096,
      -11412,
      4487.86,
    ],
    "sceneRadius": 2.4397,
  },
  "true moon:Charon": {
    "helioKm": [
      2614870000,
      -4526290000,
      -272038000,
    ],
    "orientationZ": [
      -0.677968,
      0.624498,
      -0.387766,
    ],
    "scene": [
      2614870,
      -4526290,
      -272038,
    ],
    "sceneRadius": 0.606,
  },
  "true moon:Io": {
    "helioKm": [
      436784000,
      608047000,
      -12291500,
    ],
    "orientationZ": [
      -0.0142737,
      -0.0357414,
      0.999259,
    ],
    "scene": [
      436784,
      608047,
      -12291.5,
    ],
    "sceneRadius": 1.82149,
  },
  "true moon:Moon": {
    "helioKm": [
      -141264000,
      -48829400,
      4843.61,
    ],
    "orientationZ": [
      0.0243241,
      -0.0889896,
      0.995735,
    ],
    "scene": [
      -141264,
      -48829.4,
      4.84361,
    ],
    "sceneRadius": 1.7374,
  },
  "true moon:Titan": {
    "helioKm": [
      1370030000,
      -477909000,
      -45692400,
    ],
    "orientationZ": [
      0.0830093,
      0.457101,
      0.885533,
    ],
    "scene": [
      1370030,
      -477909,
      -45692.4,
    ],
    "sceneRadius": 2.57476,
  },
  "true moon:Titania": {
    "helioKm": [
      1787760000,
      2321830000,
      -14585200,
    ],
    "orientationZ": [
      -0.211393,
      -0.967893,
      0.135997,
    ],
    "scene": [
      1787760,
      2321830,
      -14585.2,
    ],
    "sceneRadius": 0.7889,
  },
  "true neptune": {
    "helioKm": [
      4465610000,
      -221676000,
      -98343500,
    ],
    "orientationZ": [
      0.355883,
      -0.30681,
      0.882731,
    ],
    "scene": [
      4465610,
      -221676,
      -98343.5,
    ],
    "sceneRadius": 24.764,
  },
  "true pluto": {
    "helioKm": [
      2614860000,
      -4526290000,
      -272020000,
    ],
    "orientationZ": [
      -0.677968,
      0.624498,
      -0.387766,
    ],
    "scene": [
      2614860,
      -4526290,
      -272020,
    ],
    "sceneRadius": 1.1883,
  },
  "true saturn": {
    "helioKm": [
      1369930000,
      -476852000,
      -46228500,
    ],
    "orientationZ": [
      0.0855028,
      0.462439,
      0.882519,
    ],
    "scene": [
      1369930,
      -476852,
      -46228.5,
    ],
    "sceneRadius": 60.268,
  },
  "true sb:Sedna": {
    "helioKm": [
      6128430000,
      10574100000,
      -2569700000,
    ],
    "orientationZ": [
      6.12323e-17,
      0.397777,
      0.917482,
    ],
    "scene": [
      6128430,
      10574100,
      -2569700,
    ],
    "sceneRadius": 0.961401,
  },
}
`;
